2026-09-21T15:38:46 INFO    DuckDB ETL trigger starting (repo=C:\Users\Administrator\Documents\sprint7\chennai-capstone-SE1-team3)
2026-09-21T15:38:46 INFO    Dashboard already listening on port 5000; not starting another
2026-09-21T15:38:46 INFO    ETL refresh loop active every 45 seconds
2026-09-21T15:38:47 INFO    ETL pass complete: extracted=0 inserted=0 dead_lettered=0
2026-09-21T15:39:33 INFO    ETL pass complete: extracted=1 inserted=1 dead_lettered=0
2026-09-21T15:40:19 INFO    ETL pass complete: extracted=0 inserted=0 dead_lettered=0
2026-09-21T15:41:04 INFO    ETL pass complete: extracted=0 inserted=0 dead_lettered=0
2026-09-21T15:41:50 INFO    ETL pass complete: extracted=0 inserted=0 dead_lettered=0
2026-09-21T15:42:35 INFO    ETL pass complete: extracted=0 inserted=0 dead_lettered=0
2026-09-21T15:43:21 INFO    ETL pass complete: extracted=0 inserted=0 dead_lettered=0
2026-09-21T15:44:07 INFO    ETL pass complete: extracted=0 inserted=0 dead_lettered=0
2026-09-21T15:44:52 INFO    ETL pass complete: extracted=0 inserted=0 dead_lettered=0
2026-09-21T15:45:38 INFO    ETL pass complete: extracted=0 inserted=0 dead_lettered=0
2026-09-21T15:46:23 INFO    ETL pass complete: extracted=0 inserted=0 dead_lettered=0
2026-09-21T15:47:09 INFO    ETL pass complete: extracted=0 inserted=0 dead_lettered=0
2026-09-21T15:47:54 INFO    ETL pass complete: extracted=0 inserted=0 dead_lettered=0
2026-09-21T15:48:40 INFO    ETL pass complete: extracted=0 inserted=0 dead_lettered=0
2026-09-21T15:49:26 INFO    ETL pass complete: extracted=0 inserted=0 dead_lettered=0
2026-09-21T15:50:11 INFO    ETL pass complete: extracted=0 inserted=0 dead_lettered=0
2026-09-21T15:50:48 INFO    DuckDB ETL trigger starting (repo=C:\Users\Administrator\Documents\sprint7\chennai-capstone-SE1-team3)
2026-09-21T15:50:48 INFO    Dashboard already listening on port 5000; not starting another
2026-09-21T15:50:48 INFO    Another ETL trigger is already running (C:\Users\Administrator\Documents\sprint7\chennai-capstone-SE1-team3\executor\.etl_trigger.lock); skipping ETL loop
2026-09-21T15:50:56 INFO    ETL pass complete: extracted=0 inserted=0 dead_lettered=0
2026-09-21T15:51:42 INFO    ETL pass complete: extracted=1 inserted=1 dead_lettered=0
2026-09-21T15:52:28 INFO    ETL pass complete: extracted=0 inserted=0 dead_lettered=0
2026-09-21T15:53:13 INFO    ETL pass complete: extracted=0 inserted=0 dead_lettered=0
2026-09-21T15:53:59 INFO    ETL pass complete: extracted=0 inserted=0 dead_lettered=0
2026-09-21T15:54:45 INFO    ETL pass complete: extracted=0 inserted=0 dead_lettered=0
2026-09-21T15:55:30 INFO    ETL pass complete: extracted=0 inserted=0 dead_lettered=0
2026-09-21T15:56:16 INFO    ETL pass complete: extracted=0 inserted=0 dead_lettered=0
2026-09-21T15:57:01 INFO    ETL pass complete: extracted=0 inserted=0 dead_lettered=0
2026-09-21T15:57:47 INFO    ETL pass complete: extracted=0 inserted=0 dead_lettered=0
